#-----------------------------------------------------------
# Vivado v2025.1.1 (64-bit)
# SW Build 6233196 on Thu Sep 11 21:27:30 MDT 2025
# IP Build 6232796 on Fri Sep 12 01:46:16 MDT 2025
# SharedData Build 6233195 on Thu Sep 11 17:56:43 MDT 2025
# Start of session at: Wed Nov  5 17:49:57 2025
# Process ID         : 24000
# Current directory  : C:/Users/ASUS/Documents/zedboard_petal_linux
# Command line       : vivado.exe -gui_launcher_event rodinguilauncherevent22324 C:\Users\ASUS\Documents\zedboard_petal_linux\zedboard_petal_linux.xpr
# Log file           : C:/Users/ASUS/Documents/zedboard_petal_linux/vivado.log
# Journal file       : C:/Users/ASUS/Documents/zedboard_petal_linux\vivado.jou
# Running On         : DESKTOP-3897D3I
# Platform           : Windows Server 2016 or Windows 10
# Operating System   : 26100
# Processor Detail   : 12th Gen Intel(R) Core(TM) i7-12700H
# CPU Frequency      : 2688 MHz
# CPU Physical cores : 14
# CPU Logical cores  : 20
# Host memory        : 16849 MB
# Swap memory        : 11811 MB
# Total Virtual      : 28660 MB
# Available Virtual  : 11947 MB
#-----------------------------------------------------------
start_guioopen_project C:/Users/ASUS/Documents/zedboard_petal_linux/zedboard_petal_linux.xpruupdate_compile_order -fileset sources_1
open_bd_design {C:/Users/ASUS/Documents/zedboard_petal_linux/zedboard_petal_linux.srcs/sources_1/bd/processor/processor.bd}
startgroup
set_property -dict [list \
  CONFIG.PCW_UART0_PERIPHERAL_ENABLE {1} \
  CONFIG.PCW_UART1_PERIPHERAL_ENABLE {0} \
] [get_bd_cells processing_system7_0]
endgroup
save_bd_design
reset_run synth_1
reset_run processor_processing_system7_0_0_synth_1
launch_runs impl_1 -to_step write_bitstream -jobs 10
wait_on_run impl_1
open_run impl_1
write_hw_platform -fixed -include_bit -force -file C:/Users/ASUS/Documents/zedboard_petal_linux/processor_wrapper_1.xsa
report_methodology -name ultrafast_methodology_1
open_hw_manager
connect_hw_server -allow_non_jtag
open_hw_target
set_property PROGRAM.FILE {C:/Users/ASUS/Documents/zedboard_petal_linux/zedboard_petal_linux.runs/impl_1/processor_wrapper.bit} [get_hw_devices xc7z020_0]
current_hw_device [get_hw_devices xc7z020_0]
refresh_hw_device -update_hw_probes false [lindex [get_hw_devices xc7z020_0] 0]
set_property PROBES.FILE {} [get_hw_devices xc7z020_0]
set_property FULL_PROBES.FILE {} [get_hw_devices xc7z020_0]
set_property PROGRAM.FILE {C:/Users/ASUS/Documents/zedboard_petal_linux/zedboard_petal_linux.runs/impl_1/processor_wrapper.bit} [get_hw_devices xc7z020_0]
program_hw_devices [get_hw_devices xc7z020_0]
refresh_hw_device [lindex [get_hw_devices xc7z020_0] 0]
disconnect_hw_server localhost:3121
connect_hw_server -allow_non_jtag
disconnect_hw_server localhost:3121
connect_hw_server -allow_non_jtag
open_hw_target
set_property PROGRAM.FILE {C:/Users/ASUS/Documents/zedboard_petal_linux/zedboard_petal_linux.runs/impl_1/processor_wrapper.bit} [get_hw_devices xc7z020_0]
current_hw_device [get_hw_devices xc7z020_0]
refresh_hw_device -update_hw_probes false [lindex [get_hw_devices xc7z020_0] 0]
set_property PROBES.FILE {} [get_hw_devices xc7z020_0]
set_property FULL_PROBES.FILE {} [get_hw_devices xc7z020_0]
set_property PROGRAM.FILE {C:/Users/ASUS/Documents/zedboard_petal_linux/zedboard_petal_linux.runs/impl_1/processor_wrapper.bit} [get_hw_devices xc7z020_0]
program_hw_devices [get_hw_devices xc7z020_0]
refresh_hw_device [lindex [get_hw_devices xc7z020_0] 0]
